bktest@odootest:~$ git config --global user.name "waqarwsda github"
bktest@odootest:~$ git config --global user.email waqarpgc62@gmail.com



bktest@odootest:~$ git config --list
user.name=waqarwsda github
user.email=waqarpgc62@gmail.com
core.repositoryformatversion=0
core.filemode=true
core.bare=false
core.logallrefupdates=true
bktest@odootest:~$ pwd
/home/bktest
bktest@odootest:~$ mkdir git_demo
bktest@odootest:~$ cd git_demo
bktest@odootest:~/git_demo$ pwd
/home/bktest/git_demo
bktest@odootest:~/git_demo$  mkdir mad
bktest@odootest:~/git_demo$ cd mad
bktest@odootest:~/git_demo/mad$ pwd
/home/bktest/git_demo/mad
bktest@odootest:~/git_demo/mad$ git init
Initialized empty Git repository in /home/bktest/git_demo/mad/.git/
bktest@odootest:~/git_demo/mad$ touch alpha.txt
bktest@odootest:~/git_demo/mad$ notepad alpha.txt
notepad: command not found
bktest@odootest:~/git_demo/mad$ texteditor alpha.txt
texteditor: command not found
bktest@odootest:~/git_demo/mad$ git status
On branch master

No commits yet

Untracked files:
  (use "git add <file>..." to include in what will be committed)
	alpha.txt

nothing added to commit but untracked files present (use "git add" to track)
bktest@odootest:~/git_demo/mad$ git add .
bktest@odootest:~/git_demo/mad$ git status
On branch master

No commits yet

Changes to be committed:
  (use "git rm --cached <file>..." to unstage)
	new file:   alpha.txt

bktest@odootest:~/git_demo/mad$ git commit -m "beta gama"
[master (root-commit) 73ab004] beta gama
 1 file changed, 6 insertions(+)
 create mode 100644 alpha.txt
bktest@odootest:~/git_demo/mad$ git log
commit 73ab0043b532aacdb64db080632e71a0564d8d85 (HEAD -> master)
Author: waqarwsda github <waqarpgc62@gmail.com>
Date:   Sat Nov 6 14:48:32 2021 +0500

    beta gama
bktest@odootest:~/git_demo/mad$ touch beta.txt
bktest@odootest:~/git_demo/mad$ git status
On branch master
Untracked files:
  (use "git add <file>..." to include in what will be committed)
	beta.txt

nothing added to commit but untracked files present (use "git add" to track)
bktest@odootest:~/git_demo/mad$ git add .
bktest@odootest:~/git_demo/mad$ git commit -m "03315252544"
[master 18ce3a0] 03315252544
 1 file changed, 1 insertion(+)
 create mode 100644 beta.txt
bktest@odootest:~/git_demo/mad$ git remote add origin https://github.com/waqarwsda/tcgwaqar.git
bktest@odootest:~/git_demo/mad$ git remote -v
origin	https://github.com/waqarwsda/tcgwaqar.git (fetch)
origin	https://github.com/waqarwsda/tcgwaqar.git (push)
bktest@odootest:~/git_demo/mad$ git push -u origin master
fatal: unable to access 'https://github.com/waqarwsda/tcgwaqar.git/': gnutls_handshake() failed: Error in the pull function.
bktest@odootest:~/git_demo/mad$ sudo git push -u origin master
[sudo] password for bktest: 
Username for 'https://github.com': waqarwsda
Password for 'https://waqarwsda@github.com': 
remote: Support for password authentication was removed on August 13, 2021. Please use a personal access token instead.
remote: Please see https://github.blog/2020-12-15-token-authentication-requirements-for-git-operations/ for more information.
fatal: Authentication failed for 'https://github.com/waqarwsda/tcgwaqar.git/'
bktest@odootest:~/git_demo/mad$ git remote add origin https://github.com/waqarwsda/bfk.git
fatal: remote origin already exists.
bktest@odootest:~/git_demo/mad$ git remote -v
origin	https://github.com/waqarwsda/tcgwaqar.git (fetch)
origin	https://github.com/waqarwsda/tcgwaqar.git (push)
bktest@odootest:~/git_demo/mad$ git remote remove origin https://github.com/waqarwsda/bfk.git
usage: git remote remove <name>

bktest@odootest:~/git_demo/mad$ git remote remove origin https://github.com/waqarwsda/tcgwaqar.git
usage: git remote remove <name>

bktest@odootest:~/git_demo/mad$ git remote -v
origin	https://github.com/waqarwsda/tcgwaqar.git (fetch)
origin	https://github.com/waqarwsda/tcgwaqar.git (push)
bktest@odootest:~/git_demo/mad$ git remote add origin https://github.com/waqarwsda/bfk.git
fatal: remote origin already exists.
bktest@odootest:~/git_demo/mad$ git remote remove origin 
bktest@odootest:~/git_demo/mad$ git remote -v
bktest@odootest:~/git_demo/mad$ git remote add origin https://github.com/waqarwsda/bfk.git
bktest@odootest:~/git_demo/mad$ git remote -v
origin	https://github.com/waqarwsda/bfk.git (fetch)
origin	https://github.com/waqarwsda/bfk.git (push)
bktest@odootest:~/git_demo/mad$ sudo git push -u origin master
[sudo] password for bktest: 
Username for 'https://github.com': waqarwsda
Password for 'https://waqarwsda@github.com': 
remote: Support for password authentication was removed on August 13, 2021. Please use a personal access token instead.
remote: Please see https://github.blog/2020-12-15-token-authentication-requirements-for-git-operations/ for more information.
fatal: Authentication failed for 'https://github.com/waqarwsda/bfk.git/'
bktest@odootest:~/git_demo/mad$  git push -u origin master
Username for 'https://github.com': waqarwsda
Password for 'https://waqarwsda@github.com': 
remote: Support for password authentication was removed on August 13, 2021. Please use a personal access token instead.
remote: Please see https://github.blog/2020-12-15-token-authentication-requirements-for-git-operations/ for more information.
fatal: Authentication failed for 'https://github.com/waqarwsda/bfk.git/'
bktest@odootest:~/git_demo/mad$ sudo git push -u origin master
Username for 'https://github.com': waqarwsda
Password for 'https://waqarwsda@github.com': 
remote: Support for password authentication was removed on August 13, 2021. Please use a personal access token instead.
remote: Please see https://github.blog/2020-12-15-token-authentication-requirements-for-git-operations/ for more information.
fatal: Authentication failed for 'https://github.com/waqarwsda/bfk.git/'
bktest@odootest:~/git_demo/mad$ sudo git push -u origin master
[sudo] password for bktest: 
Username for 'https://github.com': waqarwsda
Password for 'https://waqarwsda@github.com': 
remote: Invalid username or password.
fatal: Authentication failed for 'https://github.com/waqarwsda/bfk.git/'
bktest@odootest:~/git_demo/mad$  git push -u origin master
Username for 'https://github.com': waqarwsda
Password for 'https://waqarwsda@github.com': 
remote: Invalid username or password.
fatal: Authentication failed for 'https://github.com/waqarwsda/bfk.git/'
bktest@odootest:~/git_demo/mad$ git remote -v
origin	https://github.com/waqarwsda/bfk.git (fetch)
origin	https://github.com/waqarwsda/bfk.git (push)
bktest@odootest:~/git_demo/mad$ git push -u origin master
Username for 'https://github.com': waqarwsda
Password for 'https://waqarwsda@github.com': 
Enumerating objects: 6, done.
Counting objects: 100% (6/6), done.
Delta compression using up to 2 threads
Compressing objects: 100% (3/3), done.
Writing objects: 100% (6/6), 498 bytes | 498.00 KiB/s, done.
Total 6 (delta 0), reused 0 (delta 0)
remote: 
remote: Create a pull request for 'master' on GitHub by visiting:
remote:      https://github.com/waqarwsda/bfk/pull/new/master
remote: 
To https://github.com/waqarwsda/bfk.git
 * [new branch]      master -> master
Branch 'master' set up to track remote branch 'master' from 'origin'.
bktest@odootest:~/git_demo/mad$ git push -u origin master

                   2nd time 
                   See 'snap info <snapname>' for additional versions.

bktest@odootest:~/git_demo/mad$ pwd
/home/bktest/git_demo/mad
bktest@odootest:~/git_demo/mad$ git push -u origin master
Username for 'https://github.com': waqarwsda
Password for 'https://waqarwsda@github.com': 
Branch 'master' set up to track remote branch 'master' from 'origin'.
Everything up-to-date
bktest@odootest:~/git_demo/mad$ git remote -v
origin	https://github.com/waqarwsda/bfk.git (fetch)
origin	https://github.com/waqarwsda/bfk.git (push)
bktest@odootest:~/git_demo/mad$ git status
On branch master
Your branch is up to date with 'origin/master'.

Untracked files:
  (use "git add <file>..." to include in what will be committed)
	working push

nothing added to commit but untracked files present (use "git add" to track)
bktest@odootest:~/git_demo/mad$ git add .
bktest@odootest:~/git_demo/mad$ git status
On branch master
Your branch is up to date with 'origin/master'.

Changes to be committed:
  (use "git restore --staged <file>..." to unstage)
	new file:   working push

bktest@odootest:~/git_demo/mad$ git commit -m
error: switch `m' requires a value
bktest@odootest:~/git_demo/mad$ git commit -m ""
Aborting commit due to empty commit message.
bktest@odootest:~/git_demo/mad$ git commit -m "working push"
[master 205f96c] working push
 1 file changed, 161 insertions(+)
 create mode 100644 working push
bktest@odootest:~/git_demo/mad$ git push -u origin master
Username for 'https://github.com': waqarwsda
Password for 'https://waqarwsda@github.com': 
Enumerating objects: 4, done.
Counting objects: 100% (4/4), done.
Delta compression using up to 2 threads
Compressing objects: 100% (3/3), done.
Writing objects: 100% (3/3), 1.70 KiB | 1.70 MiB/s, done.
Total 3 (delta 0), reused 0 (delta 0)
To https://github.com/waqarwsda/bfk.git
   18ce3a0..205f96c  master -> master
Branch 'master' set up to track remote branch 'master' from 'origin'.
bktest@odootest:~/git_demo/mad$ git status
On branch master
Your branch is up to date with 'origin/master'.

nothing to commit, working tree clean
bktest@odootest:~/git_demo/mad$ 


